Archive Project report for msystem
Sun Mar 06 14:18:55 2016
Quartus II 64-Bit Version 13.0.1 Build 232 06/12/2013 Service Pack 1 SJ Web Edition


---------------------
; Table of Contents ;
---------------------
  1. Legal Notice
  2. Archive Project Summary
  3. Archive Project Messages
  4. Files Archived



----------------
; Legal Notice ;
----------------
Copyright (C) 1991-2013 Altera Corporation
Your use of Altera Corporation's design tools, logic functions 
and other software and tools, and its AMPP partner logic 
functions, and any output files from any of the foregoing 
(including device programming or simulation files), and any 
associated documentation or information are expressly subject 
to the terms and conditions of the Altera Program License 
Subscription Agreement, Altera MegaCore Function License 
Agreement, or other applicable license agreement, including, 
without limitation, that your use is for the sole purpose of 
programming logic devices manufactured by Altera and sold by 
Altera or its authorized distributors.  Please refer to the 
applicable agreement for further details.



+----------------------------------------------------------------+
; Archive Project Summary                                        ;
+------------------------+---------------------------------------+
; Archive Project Status ; Successful - Sun Mar 06 14:18:54 2016 ;
; Revision Name          ; msystem                               ;
; Top-level Entity Name  ; msystem                               ;
; Family                 ; Cyclone IV E                          ;
+------------------------+---------------------------------------+


+--------------------------+
; Archive Project Messages ;
+--------------------------+
Info: File Set 'Source control' contains:
    Info: Project source and settings files
    Info: Automatically detected source files
Info: ----------------------------------------------------------
Info: ----------------------------------------------------------
Info: Generated archive 'Q:/Documents/fpga/de0nano/Amber-Marsohod2-master/hw/marsohod2/mARM-marshod.qar'
Info: ----------------------------------------------------------
Info: ----------------------------------------------------------
Info: Generated report 'msystem.archive.rpt'
Info (23030): Evaluation of Tcl script c:/altera/13.0sp1/quartus/common/tcl/apps/qpm/qar.tcl was successful
Info: Quartus II 64-Bit Shell was successful. 0 errors, 0 warnings
    Info: Peak virtual memory: 339 megabytes
    Info: Processing ended: Sun Mar 06 14:18:55 2016
    Info: Elapsed time: 00:00:31
    Info: Total CPU time (on all processors): 00:00:03


+------------------------------------------------------------------------------------------------+
; Files Archived                                                                                 ;
+------------------------------------------------------------------------------------------------+
; File Name                                                                                      ;
+------------------------------------------------------------------------------------------------+
; ../vlog/amber23/a23_alu.v                                                                      ;
; ../vlog/amber23/a23_barrel_shift.v                                                             ;
; ../vlog/amber23/a23_cache.v                                                                    ;
; ../vlog/amber23/a23_config_defines.v                                                           ;
; ../vlog/amber23/a23_coprocessor.v                                                              ;
; ../vlog/amber23/a23_core.v                                                                     ;
; ../vlog/amber23/a23_decode.v                                                                   ;
; ../vlog/amber23/a23_execute.v                                                                  ;
; ../vlog/amber23/a23_fetch.v                                                                    ;
; ../vlog/amber23/a23_functions.v                                                                ;
; ../vlog/amber23/a23_localparams.v                                                              ;
; ../vlog/amber23/a23_multiply.v                                                                 ;
; ../vlog/amber23/a23_register_bank.v                                                            ;
; ../vlog/amber23/a23_wishbone.v                                                                 ;
; ../vlog/gpio/gpio_defines.v                                                                    ;
; ../vlog/gpio/gpio_top.v                                                                        ;
; ../vlog/lib/generic_iobuf.v                                                                    ;
; ../vlog/lib/generic_sram_byte_en.v                                                             ;
; ../vlog/lib/generic_sram_line_en.v                                                             ;
; ../vlog/sdram/wb_sdram_ctrl/arbiter.v                                                          ;
; ../vlog/sdram/wb_sdram_ctrl/bufram.v                                                           ;
; ../vlog/sdram/wb_sdram_ctrl/dpram_altera.v                                                     ;
; ../vlog/sdram/wb_sdram_ctrl/dpram_generic.v                                                    ;
; ../vlog/sdram/wb_sdram_ctrl/dual_clock_fifo.v                                                  ;
; ../vlog/sdram/wb_sdram_ctrl/sdram_ctrl.v                                                       ;
; ../vlog/sdram/wb_sdram_ctrl/wb_port.v                                                          ;
; ../vlog/sdram/wb_sdram_ctrl/wb_sdram_ctrl.v                                                    ;
; ../vlog/simplegpio/simple_gpio.v                                                               ;
; ../vlog/system/afifo.v                                                                         ;
; ../vlog/system/boot_mem32.v                                                                    ;
; ../vlog/system/boot_mem128.v                                                                   ;
; ../vlog/system/ddr3_afifo.v                                                                    ;
; ../vlog/system/ethmac_wb.v                                                                     ;
; ../vlog/system/interrupt_controller.v                                                          ;
; ../vlog/system/memory_configuration.v                                                          ;
; ../vlog/system/register_addresses.v                                                            ;
; ../vlog/system/system_config_defines.v                                                         ;
; ../vlog/system/system_functions.v                                                              ;
; ../vlog/system/test_module.v                                                                   ;
; ../vlog/system/timer_module.v                                                                  ;
; ../vlog/system/uart.v                                                                          ;
; ../vlog/system/wishbone_arbiter.v                                                              ;
; ../vlog/tb/debug_functions.v                                                                   ;
; ../vlog/tb/dumpvcd.v                                                                           ;
; ../vlog/tb/global_defines.v                                                                    ;
; ../vlog/tiny_spi/rtl/verilog/tiny_spi.v                                                        ;
; db/msystem.cmp.rdb                                                                             ;
; incremental_db/compiled_partitions/msystem.db_info                                             ;
; internal_mem-test.stp                                                                          ;
; internal_mem-uartt.stp                                                                         ;
; internal_mem.stp                                                                               ;
; mARM.qpf                                                                                       ;
; msystem.out.sdc                                                                                ;
; msystem.qsf                                                                                    ;
; msystem.v                                                                                      ;
; msystem_assignment_defaults.qdf                                                                ;
; my_clocks_resets.v                                                                             ;
; my_pll.ppf                                                                                     ;
; my_pll.qip                                                                                     ;
; my_pll.v                                                                                       ;
; my_pll_bb.v                                                                                    ;
; Q:/Documents/fpga/de0nano/Amber-Marsohod2-master/hw/marsohod2/spi0_auto_stripped.stp           ;
; Q:/Documents/fpga/de0nano/Amber-Marsohod2-master/hw/vlog/amber23/a23_alu.v                     ;
; Q:/Documents/fpga/de0nano/Amber-Marsohod2-master/hw/vlog/amber23/a23_barrel_shift.v            ;
; Q:/Documents/fpga/de0nano/Amber-Marsohod2-master/hw/vlog/amber23/a23_cache.v                   ;
; Q:/Documents/fpga/de0nano/Amber-Marsohod2-master/hw/vlog/amber23/a23_config_defines.v          ;
; Q:/Documents/fpga/de0nano/Amber-Marsohod2-master/hw/vlog/amber23/a23_coprocessor.v             ;
; Q:/Documents/fpga/de0nano/Amber-Marsohod2-master/hw/vlog/amber23/a23_core.v                    ;
; Q:/Documents/fpga/de0nano/Amber-Marsohod2-master/hw/vlog/amber23/a23_decode.v                  ;
; Q:/Documents/fpga/de0nano/Amber-Marsohod2-master/hw/vlog/amber23/a23_execute.v                 ;
; Q:/Documents/fpga/de0nano/Amber-Marsohod2-master/hw/vlog/amber23/a23_fetch.v                   ;
; Q:/Documents/fpga/de0nano/Amber-Marsohod2-master/hw/vlog/amber23/a23_functions.v               ;
; Q:/Documents/fpga/de0nano/Amber-Marsohod2-master/hw/vlog/amber23/a23_localparams.v             ;
; Q:/Documents/fpga/de0nano/Amber-Marsohod2-master/hw/vlog/amber23/a23_multiply.v                ;
; Q:/Documents/fpga/de0nano/Amber-Marsohod2-master/hw/vlog/amber23/a23_register_bank.v           ;
; Q:/Documents/fpga/de0nano/Amber-Marsohod2-master/hw/vlog/amber23/a23_wishbone.v                ;
; Q:/Documents/fpga/de0nano/Amber-Marsohod2-master/hw/vlog/gpio/gpio_defines.v                   ;
; Q:/Documents/fpga/de0nano/Amber-Marsohod2-master/hw/vlog/gpio/gpio_top.v                       ;
; Q:/Documents/fpga/de0nano/Amber-Marsohod2-master/hw/vlog/lib/generic_iobuf.v                   ;
; Q:/Documents/fpga/de0nano/Amber-Marsohod2-master/hw/vlog/lib/generic_sram_byte_en.v            ;
; Q:/Documents/fpga/de0nano/Amber-Marsohod2-master/hw/vlog/lib/generic_sram_line_en.v            ;
; Q:/Documents/fpga/de0nano/Amber-Marsohod2-master/hw/vlog/sdram/wb_sdram_ctrl/arbiter.v         ;
; Q:/Documents/fpga/de0nano/Amber-Marsohod2-master/hw/vlog/sdram/wb_sdram_ctrl/bufram.v          ;
; Q:/Documents/fpga/de0nano/Amber-Marsohod2-master/hw/vlog/sdram/wb_sdram_ctrl/dpram_altera.v    ;
; Q:/Documents/fpga/de0nano/Amber-Marsohod2-master/hw/vlog/sdram/wb_sdram_ctrl/dpram_generic.v   ;
; Q:/Documents/fpga/de0nano/Amber-Marsohod2-master/hw/vlog/sdram/wb_sdram_ctrl/dual_clock_fifo.v ;
; Q:/Documents/fpga/de0nano/Amber-Marsohod2-master/hw/vlog/sdram/wb_sdram_ctrl/sdram_ctrl.v      ;
; Q:/Documents/fpga/de0nano/Amber-Marsohod2-master/hw/vlog/sdram/wb_sdram_ctrl/wb_port.v         ;
; Q:/Documents/fpga/de0nano/Amber-Marsohod2-master/hw/vlog/sdram/wb_sdram_ctrl/wb_sdram_ctrl.v   ;
; Q:/Documents/fpga/de0nano/Amber-Marsohod2-master/hw/vlog/simplegpio/simple_gpio.v              ;
; Q:/Documents/fpga/de0nano/Amber-Marsohod2-master/hw/vlog/system/afifo.v                        ;
; Q:/Documents/fpga/de0nano/Amber-Marsohod2-master/hw/vlog/system/boot_mem32.v                   ;
; Q:/Documents/fpga/de0nano/Amber-Marsohod2-master/hw/vlog/system/boot_mem128.v                  ;
; Q:/Documents/fpga/de0nano/Amber-Marsohod2-master/hw/vlog/system/ddr3_afifo.v                   ;
; Q:/Documents/fpga/de0nano/Amber-Marsohod2-master/hw/vlog/system/ethmac_wb.v                    ;
; Q:/Documents/fpga/de0nano/Amber-Marsohod2-master/hw/vlog/system/interrupt_controller.v         ;
; Q:/Documents/fpga/de0nano/Amber-Marsohod2-master/hw/vlog/system/memory_configuration.v         ;
; Q:/Documents/fpga/de0nano/Amber-Marsohod2-master/hw/vlog/system/register_addresses.v           ;
; Q:/Documents/fpga/de0nano/Amber-Marsohod2-master/hw/vlog/system/system_config_defines.v        ;
; Q:/Documents/fpga/de0nano/Amber-Marsohod2-master/hw/vlog/system/system_functions.v             ;
; Q:/Documents/fpga/de0nano/Amber-Marsohod2-master/hw/vlog/system/test_module.v                  ;
; Q:/Documents/fpga/de0nano/Amber-Marsohod2-master/hw/vlog/system/timer_module.v                 ;
; Q:/Documents/fpga/de0nano/Amber-Marsohod2-master/hw/vlog/system/uart.v                         ;
; Q:/Documents/fpga/de0nano/Amber-Marsohod2-master/hw/vlog/system/wishbone_arbiter.v             ;
; Q:/Documents/fpga/de0nano/Amber-Marsohod2-master/hw/vlog/tb/debug_functions.v                  ;
; Q:/Documents/fpga/de0nano/Amber-Marsohod2-master/hw/vlog/tb/dumpvcd.v                          ;
; Q:/Documents/fpga/de0nano/Amber-Marsohod2-master/hw/vlog/tb/global_defines.v                   ;
; Q:/Documents/fpga/de0nano/Amber-Marsohod2-master/hw/vlog/tiny_spi/rtl/verilog/tiny_spi.v       ;
; spi0.stp                                                                                       ;
; sram/my_sram_256_21_line_en.v                                                                  ;
; sram/my_sram_256_128_byte_en.v                                                                 ;
; sram/my_sram_2048_32_byte_en.v                                                                 ;
; sram/sram_256_21_line_en.qip                                                                   ;
; sram/sram_256_21_line_en.v                                                                     ;
; sram/sram_256_21_line_en_bb.v                                                                  ;
; sram/sram_256_128_byte_en.qip                                                                  ;
; sram/sram_256_128_byte_en.v                                                                    ;
; sram/sram_256_128_byte_en_bb.v                                                                 ;
; sram/sram_2048_32_byte_en.qip                                                                  ;
; sram/sram_2048_32_byte_en.v                                                                    ;
; sram/sram_2048_32_byte_en_bb.v                                                                 ;
+------------------------------------------------------------------------------------------------+


